adb0026@cse01:~/4650/5$ cup -parser TinyJavaParser -symbols Symbol -expect 1 TinyJava.cup
Warning : *** Shift/Reduce conflict found in state #152
  between elseOption ::= (*) 
  and     elseOption ::= (*) ELSE statement 
  under symbol ELSE
  Resolved in favor of shifting.

------- CUP v0.11a beta 20060608 Parser Generation Summary -------
  0 errors and 1 warning
  53 terminals, 51 non-terminals, and 104 productions declared, 
  producing 227 unique parse states.
  0 terminals declared but not used.
  0 non-terminals declared but not used.
  0 productions never reduced.
  1 conflict detected (1 expected).
  Code written to "TinyJavaParser.java", and "Symbol.java".
---------------------------------------------------- (v0.11a beta 20060608)
adb0026@cse01:~/4650/5$ jflex TinyJava.jflex
Reading "TinyJava.jflex"
Constructing NFA : 327 states in NFA
Converting NFA to DFA : 
.....................................................................................................................................................
151 states before minimization, 146 states in minimized DFA
Old file "TinyJavaLexer.java" saved as "TinyJavaLexer.java~"
Writing code to "TinyJavaLexer.java"
adb0026@cse01:~/4650/5$ javac -cp .:java-cup-11a-runtime.jar TinyJavaLexer.java
adb0026@cse01:~/4650/5$ javac -cp .:java-cup-11a-runtime.jar TinyJavaParsST.java
adb0026@cse01:~/4650/5$ java -cp .:java-cup-11a-runtime.jar TinyJavaParsST < ./tests/Test1.java 
Source Program
--------------

Exception in thread "main" java.lang.NoClassDefFoundError: CUP$TinyJavaParserST$actions
	at TinyJavaParserST.init_actions(TinyJavaParserST.java:451)
	at java_cup.runtime.lr_parser.parse(lr_parser.java:543)
	at TinyJavaParsST.main(TinyJavaParsST.java:19)
Caused by: java.lang.ClassNotFoundException: CUP$TinyJavaParserST$actions
	at java.net.URLClassLoader.findClass(URLClassLoader.java:381)
	at java.lang.ClassLoader.loadClass(ClassLoader.java:424)
	at sun.misc.Launcher$AppClassLoader.loadClass(Launcher.java:338)
	at java.lang.ClassLoader.loadClass(ClassLoader.java:357)
	... 3 more
adb0026@cse01:~/4650/5$ 
